C:\Program Files\dotnet\sdk\11.0.100-preview.6.26359.118\Sdks\Microsoft.NET.Sdk\targets\Microsoft.NET.RuntimeIdentifierInference.targets(385,5): message NETSDK1057: Est├í usando una versi├│n preliminar de .NET. Visite: https://aka.ms/dotnet-support-policy [D:\ProyGitPersonal\sdd\app\backend\tests\RealtorApiTests\RealtorApiTests.csproj]
D:\ProyGitPersonal\sdd\app\backend\tests\RealtorApiTests\RealtorApiTests.csproj : warning NU1903: El paquete "Microsoft.Extensions.Caching.Memory" 8.0.0 tiene una vulnerabilidad de gravedad alta conocida, https://github.com/advisories/GHSA-qj66-m88j-hmgj
  RealtorApi -> D:\ProyGitPersonal\sdd\app\backend\src\RealtorApi\bin\Debug\net11.0\RealtorApi.dll
D:\ProyGitPersonal\sdd\app\backend\tests\RealtorApiTests\UnitTests\StartupSeedingTests.cs(86,51): error CS0246: El nombre del tipo o del espacio de nombres 'IWebHostEnvironment' no se encontr├│ (┬┐falta una directiva using o una referencia de ensamblado?) [D:\ProyGitPersonal\sdd\app\backend\tests\RealtorApiTests\RealtorApiTests.csproj]
